------------------------------------------------------------
Timing Analyzer Summary
------------------------------------------------------------

Type  : Slow 1100mV 85C Model Setup 'clk'
Slack : -19.661
TNS   : -8786.285

Type  : Slow 1100mV 85C Model Hold 'clk'
Slack : 0.385
TNS   : 0.000

Type  : Slow 1100mV 85C Model Minimum Pulse Width 'clk'
Slack : -3.166
TNS   : -1450.198

Type  : Slow 1100mV 0C Model Setup 'clk'
Slack : -19.442
TNS   : -8628.323

Type  : Slow 1100mV 0C Model Hold 'clk'
Slack : 0.365
TNS   : 0.000

Type  : Slow 1100mV 0C Model Minimum Pulse Width 'clk'
Slack : -3.166
TNS   : -1456.295

Type  : Fast 1100mV 85C Model Setup 'clk'
Slack : -8.154
TNS   : -3333.401

Type  : Fast 1100mV 85C Model Hold 'clk'
Slack : 0.174
TNS   : 0.000

Type  : Fast 1100mV 85C Model Minimum Pulse Width 'clk'
Slack : -2.174
TNS   : -375.392

Type  : Fast 1100mV 0C Model Setup 'clk'
Slack : -7.259
TNS   : -2928.463

Type  : Fast 1100mV 0C Model Hold 'clk'
Slack : 0.147
TNS   : 0.000

Type  : Fast 1100mV 0C Model Minimum Pulse Width 'clk'
Slack : -2.174
TNS   : -376.099

------------------------------------------------------------
